******************************************************************************
                  TI ARM Linker Unix v20.2.7                   
******************************************************************************
>> Linked Tue Dec  3 00:04:02 2024

OUTPUT FILE NAME:   <ir_remote.out>
ENTRY POINT SYMBOL: "_c_int00_noargs"  address: 00001679


MEMORY CONFIGURATION

         name            origin    length      used     unused   attr    fill
----------------------  --------  ---------  --------  --------  ----  --------
  FLASH                 00000000   00040000  00001726  0003e8da  R  X
  SRAM                  20000000   00008000  00000228  00007dd8  RW X


SEGMENT ALLOCATION MAP

run origin  load origin   length   init length attrs members
----------  ----------- ---------- ----------- ----- -------
00000000    00000000    0000172c   0000172c    r-x
  00000000    00000000    0000026c   0000026c    r-- .intvecs
  0000026c    0000026c    00001496   00001496    r-x .text
  00001708    00001708    00000024   00000024    r-- .cinit
20000000    20000000    00000228   00000000    rw-
  20000000    20000000    00000200   00000000    rw- .stack
  20000200    20000200    00000028   00000000    rw- .data


SECTION ALLOCATION MAP

 output                                  attributes/
section   page    origin      length       input sections
--------  ----  ----------  ----------   ----------------
.intvecs   0    00000000    0000026c     
                  00000000    0000026c     tm4c123gh6pm_startup_ccs.obj (.intvecs)

.text      0    0000026c    00001496     
                  0000026c    00000610     my_wheel_ops.obj (.text)
                  0000087c    000004fc     uart0.obj (.text)
                  00000d78    00000440     remote_control.obj (.text)
                  000011b8    00000184     main.obj (.text)
                  0000133c    0000016c     timing.obj (.text)
                  000014a8    0000009c     rtsv7M4_T_le_v4SPD16_eabi.lib : memcpy_t2.asm.obj (.text)
                  00001544    00000088     isr.obj (.text)
                  000015cc    00000068     rtsv7M4_T_le_v4SPD16_eabi.lib : copy_decompress_lzss.c.obj (.text:decompress:lzss:__TI_decompress_lzss)
                  00001634    00000044                                   : autoinit.c.obj (.text:__TI_auto_init_nobinit_nopinit:__TI_auto_init_nobinit_nopinit)
                  00001678    00000034                                   : boot_cortex_m.c.obj (.text:_c_int00_noargs:_c_int00_noargs)
                  000016ac    00000024     wait.obj (.text)
                  000016d0    00000010     clock.obj (.text)
                  000016e0    0000000e     rtsv7M4_T_le_v4SPD16_eabi.lib : copy_decompress_none.c.obj (.text:decompress:none:__TI_decompress_none)
                  000016ee    0000000c     tm4c123gh6pm_startup_ccs.obj (.text)
                  000016fa    00000004     rtsv7M4_T_le_v4SPD16_eabi.lib : pre_init.c.obj (.text:_system_pre_init)
                  000016fe    00000004                                   : exit.c.obj (.text:abort:abort)

.cinit     0    00001708    00000024     
                  00001708    00000013     (.cinit..data.load) [load image, compression = lzss]
                  0000171b    00000001     --HOLE-- [fill = 0]
                  0000171c    00000008     (__TI_handler_table)
                  00001724    00000008     (__TI_cinit_table)

.init_array 
*          0    00000000    00000000     UNINITIALIZED

.data      0    20000200    00000028     UNINITIALIZED
                  20000200    00000021     remote_control.obj (.data)
                  20000221    00000006     my_wheel_ops.obj (.data)
                  20000227    00000001     isr.obj (.data)

.stack     0    20000000    00000200     UNINITIALIZED
                  20000000    00000004     rtsv7M4_T_le_v4SPD16_eabi.lib : boot_cortex_m.c.obj (.stack)
                  20000004    000001fc     --HOLE--

__llvm_prf_cnts 
*          0    20000000    00000000     UNINITIALIZED

MODULE SUMMARY

       Module                         code   ro data   rw data
       ------                         ----   -------   -------
    ./
       my_wheel_ops.obj               1552   0         6      
       uart0.obj                      1276   0         0      
       remote_control.obj             1088   0         33     
       tm4c123gh6pm_startup_ccs.obj   12     620       0      
       main.obj                       388    0         0      
       timing.obj                     364    0         0      
       isr.obj                        136    0         1      
       wait.obj                       36     0         0      
       clock.obj                      16     0         0      
    +--+------------------------------+------+---------+---------+
       Total:                         4868   620       40     
                                                              
    /home/clutch13/ti/ccs1260/ccs/tools/compiler/ti-cgt-arm_20.2.7.LTS/lib/rtsv7M4_T_le_v4SPD16_eabi.lib
       memcpy_t2.asm.obj              156    0         0      
       copy_decompress_lzss.c.obj     104    0         0      
       autoinit.c.obj                 68     0         0      
       boot_cortex_m.c.obj            52     0         0      
       copy_decompress_none.c.obj     14     0         0      
       exit.c.obj                     4      0         0      
       pre_init.c.obj                 4      0         0      
    +--+------------------------------+------+---------+---------+
       Total:                         402    0         0      
                                                              
       Stack:                         0      0         512    
       Linker Generated:              0      35        0      
    +--+------------------------------+------+---------+---------+
       Grand Total:                   5270   655       552    


LINKER GENERATED COPY TABLES

__TI_cinit_table @ 00001724 records: 1, size/record: 8, table size: 8
	.data: load addr=00001708, load size=00000013 bytes, run addr=20000200, run size=00000028 bytes, compression=lzss


LINKER GENERATED HANDLER TABLE

__TI_handler_table @ 0000171c records: 2, size/record: 4, table size: 8
	index: 0, handler: __TI_decompress_lzss
	index: 1, handler: __TI_decompress_none


GLOBAL SYMBOLS: SORTED ALPHABETICALLY BY Name 

address   name                             
-------   ----                             
000016ff  C$$EXIT                          
000016ef  ResetISR                         
20000200  __STACK_END                      
00000200  __STACK_SIZE                     
20000200  __STACK_TOP                      
00001724  __TI_CINIT_Base                  
0000172c  __TI_CINIT_Limit                 
0000171c  __TI_Handler_Table_Base          
00001724  __TI_Handler_Table_Limit         
00001635  __TI_auto_init_nobinit_nopinit   
000015cd  __TI_decompress_lzss             
000016e1  __TI_decompress_none             
ffffffff  __TI_pprof_out_hndl              
ffffffff  __TI_prof_data_size              
ffffffff  __TI_prof_data_start             
00000000  __TI_static_base__               
000014a9  __aeabi_memcpy                   
000014a9  __aeabi_memcpy4                  
000014a9  __aeabi_memcpy8                  
ffffffff  __binit__                        
ffffffff  __c_args__                       
UNDEFED   __mpu_init                       
20000000  __stack                          
20000000  __start___llvm_prf_cnts          
20000000  __stop___llvm_prf_cnts           
00001679  _c_int00_noargs                  
UNDEFED   _system_post_cinit               
000016fb  _system_pre_init                 
000016ff  abort                            
ffffffff  binit                            
2000020c  bit_count                        
00000fe1  button_command_ISR               
00000ec9  button_complete                  
20000200  button_info                      
00000a8f  char_to_integer                  
00000a43  compare_2words                   
00000e41  esp32_signals                    
000011b9  esp32_signals_setup              
00000ead  esp32_slowSignal                 
20000225  fwd                              
00000000  g_pfnVectors                     
00000cbf  getFieldInteger                  
00000c77  getFieldString                   
00000973  getcUart0                        
00000987  getsUart0                        
00000739  goFullSpeedFwd                   
000007b9  goFullSpeedRvs                   
00000635  goMediumFwd                      
000006ad  goMediumRvs                      
00000593  goSlowFwd                        
00000517  goSlowRvs                        
00000463  increaseForwardSpeed             
000004bb  increaseReverseSpeed             
00001269  initHw                           
00001419  initSysTick                      
000016d1  initSystemClockTo40Mhz           
0000087d  initUart0                        
00000ad1  int_to_ascii                     
00000d07  isCommand                        
000009f5  isita_character                  
00000a21  isita_number                     
00000d43  kbhitUart0                       
00000387  leftMotorIncreaseSpeedFwd        
000003bb  leftMotorIncreaseSpeedRvs        
2000021c  leftMotorSpeed                   
20000222  leftfwd                          
20000224  leftrvs                          
000003ef  letsStop                         
000012a9  main                             
000014a9  memcpy                           
00000d5d  number_to_uart                   
00001583  oneSecISR                        
0000133d  oneSecTimerSetup                 
00001567  oneShotISR                       
00001575  oneShotISR2                      
00001383  oneShotSetup                     
00000b69  parseFields                      
20000208  prev_time                        
0000092b  putcUart0                        
00000947  putsUart0                        
20000214  remote_command                   
0000031d  rightMotorIncreaseSpeedFwd       
00000e0d  rightMotorIncreaseSpeedFwdFromISR
00000353  rightMotorIncreaseSpeedRvs       
20000218  rightMotorSpeed                  
20000221  rightfwd                         
20000223  rightrvs                         
000002c5  rotateClockwise                  
0000026d  rotateCounterClockwise           
20000226  rvs                              
20000227  seconds                          
000008e7  setUart0BaudRate                 
00000d79  setup_remote_functions           
20000210  state                            
00001545  sysTickISR                       
20000204  time                             
000016ad  waitMicrosecond                  
20000220  waitNow                          


GLOBAL SYMBOLS: SORTED BY Symbol Address 

address   name                             
-------   ----                             
00000000  __TI_static_base__               
00000000  g_pfnVectors                     
00000200  __STACK_SIZE                     
0000026d  rotateCounterClockwise           
000002c5  rotateClockwise                  
0000031d  rightMotorIncreaseSpeedFwd       
00000353  rightMotorIncreaseSpeedRvs       
00000387  leftMotorIncreaseSpeedFwd        
000003bb  leftMotorIncreaseSpeedRvs        
000003ef  letsStop                         
00000463  increaseForwardSpeed             
000004bb  increaseReverseSpeed             
00000517  goSlowRvs                        
00000593  goSlowFwd                        
00000635  goMediumFwd                      
000006ad  goMediumRvs                      
00000739  goFullSpeedFwd                   
000007b9  goFullSpeedRvs                   
0000087d  initUart0                        
000008e7  setUart0BaudRate                 
0000092b  putcUart0                        
00000947  putsUart0                        
00000973  getcUart0                        
00000987  getsUart0                        
000009f5  isita_character                  
00000a21  isita_number                     
00000a43  compare_2words                   
00000a8f  char_to_integer                  
00000ad1  int_to_ascii                     
00000b69  parseFields                      
00000c77  getFieldString                   
00000cbf  getFieldInteger                  
00000d07  isCommand                        
00000d43  kbhitUart0                       
00000d5d  number_to_uart                   
00000d79  setup_remote_functions           
00000e0d  rightMotorIncreaseSpeedFwdFromISR
00000e41  esp32_signals                    
00000ead  esp32_slowSignal                 
00000ec9  button_complete                  
00000fe1  button_command_ISR               
000011b9  esp32_signals_setup              
00001269  initHw                           
000012a9  main                             
0000133d  oneSecTimerSetup                 
00001383  oneShotSetup                     
00001419  initSysTick                      
000014a9  __aeabi_memcpy                   
000014a9  __aeabi_memcpy4                  
000014a9  __aeabi_memcpy8                  
000014a9  memcpy                           
00001545  sysTickISR                       
00001567  oneShotISR                       
00001575  oneShotISR2                      
00001583  oneSecISR                        
000015cd  __TI_decompress_lzss             
00001635  __TI_auto_init_nobinit_nopinit   
00001679  _c_int00_noargs                  
000016ad  waitMicrosecond                  
000016d1  initSystemClockTo40Mhz           
000016e1  __TI_decompress_none             
000016ef  ResetISR                         
000016fb  _system_pre_init                 
000016ff  C$$EXIT                          
000016ff  abort                            
0000171c  __TI_Handler_Table_Base          
00001724  __TI_CINIT_Base                  
00001724  __TI_Handler_Table_Limit         
0000172c  __TI_CINIT_Limit                 
20000000  __stack                          
20000000  __start___llvm_prf_cnts          
20000000  __stop___llvm_prf_cnts           
20000200  __STACK_END                      
20000200  __STACK_TOP                      
20000200  button_info                      
20000204  time                             
20000208  prev_time                        
2000020c  bit_count                        
20000210  state                            
20000214  remote_command                   
20000218  rightMotorSpeed                  
2000021c  leftMotorSpeed                   
20000220  waitNow                          
20000221  rightfwd                         
20000222  leftfwd                          
20000223  rightrvs                         
20000224  leftrvs                          
20000225  fwd                              
20000226  rvs                              
20000227  seconds                          
ffffffff  __TI_pprof_out_hndl              
ffffffff  __TI_prof_data_size              
ffffffff  __TI_prof_data_start             
ffffffff  __binit__                        
ffffffff  __c_args__                       
ffffffff  binit                            
UNDEFED   __mpu_init                       
UNDEFED   _system_post_cinit               

[98 symbols]
