******************************************************************************
                  TI ARM Linker Unix v20.2.7                   
******************************************************************************
>> Linked Mon Oct 28 23:49:59 2024

OUTPUT FILE NAME:   <ir_remote.out>
ENTRY POINT SYMBOL: "_c_int00_noargs"  address: 00000e05


MEMORY CONFIGURATION

         name            origin    length      used     unused   attr    fill
----------------------  --------  ---------  --------  --------  ----  --------
  FLASH                 00000000   00040000  00000eb2  0003f14e  R  X
  SRAM                  20000000   00008000  00000220  00007de0  RW X


SEGMENT ALLOCATION MAP

run origin  load origin   length   init length attrs members
----------  ----------- ---------- ----------- ----- -------
00000000    00000000    00000eb4   00000eb4    r-x
  00000000    00000000    0000026c   0000026c    r-- .intvecs
  0000026c    0000026c    00000c22   00000c22    r-x .text
  00000e90    00000e90    00000024   00000024    r-- .cinit
20000000    20000000    00000220   00000000    rw-
  20000000    20000000    00000200   00000000    rw- .stack
  20000200    20000200    00000020   00000000    rw- .data


SECTION ALLOCATION MAP

 output                                  attributes/
section   page    origin      length       input sections
--------  ----  ----------  ----------   ----------------
.intvecs   0    00000000    0000026c     
                  00000000    0000026c     tm4c123gh6pm_startup_ccs.obj (.intvecs)

.text      0    0000026c    00000c22     
                  0000026c    000004fc     uart0.obj (.text)
                  00000768    000002ec     remote_control.obj (.text)
                  00000a54    00000268     main.obj (.text)
                  00000cbc    0000009c     rtsv7M4_T_le_v4SPD16_eabi.lib : memcpy_t2.asm.obj (.text)
                  00000d58    00000068                                   : copy_decompress_lzss.c.obj (.text:decompress:lzss:__TI_decompress_lzss)
                  00000dc0    00000044                                   : autoinit.c.obj (.text:__TI_auto_init_nobinit_nopinit:__TI_auto_init_nobinit_nopinit)
                  00000e04    00000034                                   : boot_cortex_m.c.obj (.text:_c_int00_noargs:_c_int00_noargs)
                  00000e38    00000024     wait.obj (.text)
                  00000e5c    00000010     clock.obj (.text)
                  00000e6c    0000000e     rtsv7M4_T_le_v4SPD16_eabi.lib : copy_decompress_none.c.obj (.text:decompress:none:__TI_decompress_none)
                  00000e7a    0000000c     tm4c123gh6pm_startup_ccs.obj (.text)
                  00000e86    00000004     rtsv7M4_T_le_v4SPD16_eabi.lib : pre_init.c.obj (.text:_system_pre_init)
                  00000e8a    00000004                                   : exit.c.obj (.text:abort:abort)

.cinit     0    00000e90    00000024     
                  00000e90    00000011     (.cinit..data.load) [load image, compression = lzss]
                  00000ea1    00000003     --HOLE-- [fill = 0]
                  00000ea4    00000008     (__TI_handler_table)
                  00000eac    00000008     (__TI_cinit_table)

.init_array 
*          0    00000000    00000000     UNINITIALIZED

.data      0    20000200    00000020     UNINITIALIZED
                  20000200    00000020     remote_control.obj (.data)

.stack     0    20000000    00000200     UNINITIALIZED
                  20000000    00000004     rtsv7M4_T_le_v4SPD16_eabi.lib : boot_cortex_m.c.obj (.stack)
                  20000004    000001fc     --HOLE--

__llvm_prf_cnts 
*          0    20000000    00000000     UNINITIALIZED

MODULE SUMMARY

       Module                         code   ro data   rw data
       ------                         ----   -------   -------
    ./
       uart0.obj                      1276   0         0      
       remote_control.obj             748    0         32     
       tm4c123gh6pm_startup_ccs.obj   12     620       0      
       main.obj                       616    0         0      
       wait.obj                       36     0         0      
       clock.obj                      16     0         0      
    +--+------------------------------+------+---------+---------+
       Total:                         2704   620       32     
                                                              
    /home/clutch13/ti/ccs1260/ccs/tools/compiler/ti-cgt-arm_20.2.7.LTS/lib/rtsv7M4_T_le_v4SPD16_eabi.lib
       memcpy_t2.asm.obj              156    0         0      
       copy_decompress_lzss.c.obj     104    0         0      
       autoinit.c.obj                 68     0         0      
       boot_cortex_m.c.obj            52     0         0      
       copy_decompress_none.c.obj     14     0         0      
       exit.c.obj                     4      0         0      
       pre_init.c.obj                 4      0         0      
    +--+------------------------------+------+---------+---------+
       Total:                         402    0         0      
                                                              
       Stack:                         0      0         512    
       Linker Generated:              0      33        0      
    +--+------------------------------+------+---------+---------+
       Grand Total:                   3106   653       544    


LINKER GENERATED COPY TABLES

__TI_cinit_table @ 00000eac records: 1, size/record: 8, table size: 8
	.data: load addr=00000e90, load size=00000011 bytes, run addr=20000200, run size=00000020 bytes, compression=lzss


LINKER GENERATED HANDLER TABLE

__TI_handler_table @ 00000ea4 records: 2, size/record: 4, table size: 8
	index: 0, handler: __TI_decompress_lzss
	index: 1, handler: __TI_decompress_none


GLOBAL SYMBOLS: SORTED ALPHABETICALLY BY Name 

address   name                          
-------   ----                          
00000e8b  C$$EXIT                       
00000e7b  ResetISR                      
20000200  __STACK_END                   
00000200  __STACK_SIZE                  
20000200  __STACK_TOP                   
00000eac  __TI_CINIT_Base               
00000eb4  __TI_CINIT_Limit              
00000ea4  __TI_Handler_Table_Base       
00000eac  __TI_Handler_Table_Limit      
00000dc1  __TI_auto_init_nobinit_nopinit
00000d59  __TI_decompress_lzss          
00000e6d  __TI_decompress_none          
ffffffff  __TI_pprof_out_hndl           
ffffffff  __TI_prof_data_size           
ffffffff  __TI_prof_data_start          
00000000  __TI_static_base__            
00000cbd  __aeabi_memcpy                
00000cbd  __aeabi_memcpy4               
00000cbd  __aeabi_memcpy8               
ffffffff  __binit__                     
ffffffff  __c_args__                    
UNDEFED   __mpu_init                    
20000000  __stack                       
20000000  __start___llvm_prf_cnts       
20000000  __stop___llvm_prf_cnts        
00000e05  _c_int00_noargs               
UNDEFED   _system_post_cinit            
00000e87  _system_pre_init              
00000e8b  abort                         
ffffffff  binit                         
2000020c  bit_count                     
00000895  button_command_ISR            
000007fd  button_complete               
20000200  button_info                   
0000047f  char_to_integer               
00000433  compare_2words                
00000aad  esp32_signals                 
00000a55  esp32_signals_setup           
00000000  g_pfnVectors                  
000006af  getFieldInteger               
00000667  getFieldString                
00000363  getcUart0                     
00000377  getsUart0                     
00000add  initHw                        
00000b1d  initSysTick                   
00000e5d  initSystemClockTo40Mhz        
0000026d  initUart0                     
000004c1  int_to_ascii                  
000006f7  isCommand                     
000003e5  isita_character               
00000411  isita_number                  
00000733  kbhitUart0                    
2000021c  leftMotorSpeed                
00000c05  main                          
00000cbd  memcpy                        
0000074d  number_to_uart                
00000b53  oneShotISR                    
00000b61  oneShotISR2                   
00000b6f  oneShotSetup                  
00000559  parseFields                   
20000208  prev_time                     
0000031b  putcUart0                     
00000337  putsUart0                     
20000214  remote_command                
20000218  rightMotorSpeed               
000002d7  setUart0BaudRate              
00000769  setup_remote_functions        
20000210  state                         
00000b41  sysTickISR                    
20000204  time                          
00000e39  waitMicrosecond               


GLOBAL SYMBOLS: SORTED BY Symbol Address 

address   name                          
-------   ----                          
00000000  __TI_static_base__            
00000000  g_pfnVectors                  
00000200  __STACK_SIZE                  
0000026d  initUart0                     
000002d7  setUart0BaudRate              
0000031b  putcUart0                     
00000337  putsUart0                     
00000363  getcUart0                     
00000377  getsUart0                     
000003e5  isita_character               
00000411  isita_number                  
00000433  compare_2words                
0000047f  char_to_integer               
000004c1  int_to_ascii                  
00000559  parseFields                   
00000667  getFieldString                
000006af  getFieldInteger               
000006f7  isCommand                     
00000733  kbhitUart0                    
0000074d  number_to_uart                
00000769  setup_remote_functions        
000007fd  button_complete               
00000895  button_command_ISR            
00000a55  esp32_signals_setup           
00000aad  esp32_signals                 
00000add  initHw                        
00000b1d  initSysTick                   
00000b41  sysTickISR                    
00000b53  oneShotISR                    
00000b61  oneShotISR2                   
00000b6f  oneShotSetup                  
00000c05  main                          
00000cbd  __aeabi_memcpy                
00000cbd  __aeabi_memcpy4               
00000cbd  __aeabi_memcpy8               
00000cbd  memcpy                        
00000d59  __TI_decompress_lzss          
00000dc1  __TI_auto_init_nobinit_nopinit
00000e05  _c_int00_noargs               
00000e39  waitMicrosecond               
00000e5d  initSystemClockTo40Mhz        
00000e6d  __TI_decompress_none          
00000e7b  ResetISR                      
00000e87  _system_pre_init              
00000e8b  C$$EXIT                       
00000e8b  abort                         
00000ea4  __TI_Handler_Table_Base       
00000eac  __TI_CINIT_Base               
00000eac  __TI_Handler_Table_Limit      
00000eb4  __TI_CINIT_Limit              
20000000  __stack                       
20000000  __start___llvm_prf_cnts       
20000000  __stop___llvm_prf_cnts        
20000200  __STACK_END                   
20000200  __STACK_TOP                   
20000200  button_info                   
20000204  time                          
20000208  prev_time                     
2000020c  bit_count                     
20000210  state                         
20000214  remote_command                
20000218  rightMotorSpeed               
2000021c  leftMotorSpeed                
ffffffff  __TI_pprof_out_hndl           
ffffffff  __TI_prof_data_size           
ffffffff  __TI_prof_data_start          
ffffffff  __binit__                     
ffffffff  __c_args__                    
ffffffff  binit                         
UNDEFED   __mpu_init                    
UNDEFED   _system_post_cinit            

[71 symbols]
