******************************************************************************
                  TI ARM Linker Unix v20.2.7                   
******************************************************************************
>> Linked Sun Oct 20 17:13:08 2024

OUTPUT FILE NAME:   <ir_remote.out>
ENTRY POINT SYMBOL: "_c_int00_noargs"  address: 00000e55


MEMORY CONFIGURATION

         name            origin    length      used     unused   attr    fill
----------------------  --------  ---------  --------  --------  ----  --------
  FLASH                 00000000   00040000  00000efa  0003f106  R  X
  SRAM                  20000000   00008000  00000218  00007de8  RW X


SEGMENT ALLOCATION MAP

run origin  load origin   length   init length attrs members
----------  ----------- ---------- ----------- ----- -------
00000000    00000000    00000efc   00000efc    r-x
  00000000    00000000    0000026c   0000026c    r-- .intvecs
  0000026c    0000026c    00000c72   00000c72    r-x .text
  00000ee0    00000ee0    0000001c   0000001c    r-- .cinit
20000000    20000000    00000218   00000000    rw-
  20000000    20000000    00000200   00000000    rw- .stack
  20000200    20000200    00000018   00000000    rw- .data


SECTION ALLOCATION MAP

 output                                  attributes/
section   page    origin      length       input sections
--------  ----  ----------  ----------   ----------------
.intvecs   0    00000000    0000026c     
                  00000000    0000026c     tm4c123gh6pm_startup_ccs.obj (.intvecs)

.text      0    0000026c    00000c72     
                  0000026c    000004fc     uart0.obj (.text)
                  00000768    000002c4     remote_control.obj (.text)
                  00000a2c    000001d4     pwm_init.obj (.text)
                  00000c00    0000010c     main.obj (.text)
                  00000d0c    0000009c     rtsv7M4_T_le_v4SPD16_eabi.lib : memcpy_t2.asm.obj (.text)
                  00000da8    00000068                                   : copy_decompress_lzss.c.obj (.text:decompress:lzss:__TI_decompress_lzss)
                  00000e10    00000044                                   : autoinit.c.obj (.text:__TI_auto_init_nobinit_nopinit:__TI_auto_init_nobinit_nopinit)
                  00000e54    00000034                                   : boot_cortex_m.c.obj (.text:_c_int00_noargs:_c_int00_noargs)
                  00000e88    00000024     wait.obj (.text)
                  00000eac    00000010     clock.obj (.text)
                  00000ebc    0000000e     rtsv7M4_T_le_v4SPD16_eabi.lib : copy_decompress_none.c.obj (.text:decompress:none:__TI_decompress_none)
                  00000eca    0000000c     tm4c123gh6pm_startup_ccs.obj (.text)
                  00000ed6    00000004     rtsv7M4_T_le_v4SPD16_eabi.lib : pre_init.c.obj (.text:_system_pre_init)
                  00000eda    00000004                                   : exit.c.obj (.text:abort:abort)

.cinit     0    00000ee0    0000001c     
                  00000ee0    0000000c     (.cinit..data.load) [load image, compression = lzss]
                  00000eec    00000008     (__TI_handler_table)
                  00000ef4    00000008     (__TI_cinit_table)

.init_array 
*          0    00000000    00000000     UNINITIALIZED

.data      0    20000200    00000018     UNINITIALIZED
                  20000200    00000018     remote_control.obj (.data)

.stack     0    20000000    00000200     UNINITIALIZED
                  20000000    00000004     rtsv7M4_T_le_v4SPD16_eabi.lib : boot_cortex_m.c.obj (.stack)
                  20000004    000001fc     --HOLE--

__llvm_prf_cnts 
*          0    20000000    00000000     UNINITIALIZED

MODULE SUMMARY

       Module                         code   ro data   rw data
       ------                         ----   -------   -------
    ./
       uart0.obj                      1276   0         0      
       remote_control.obj             708    0         24     
       tm4c123gh6pm_startup_ccs.obj   12     620       0      
       pwm_init.obj                   468    0         0      
       main.obj                       268    0         0      
       wait.obj                       36     0         0      
       clock.obj                      16     0         0      
    +--+------------------------------+------+---------+---------+
       Total:                         2784   620       24     
                                                              
    /home/clutch13/ti/ccs1260/ccs/tools/compiler/ti-cgt-arm_20.2.7.LTS/lib/rtsv7M4_T_le_v4SPD16_eabi.lib
       memcpy_t2.asm.obj              156    0         0      
       copy_decompress_lzss.c.obj     104    0         0      
       autoinit.c.obj                 68     0         0      
       boot_cortex_m.c.obj            52     0         0      
       copy_decompress_none.c.obj     14     0         0      
       exit.c.obj                     4      0         0      
       pre_init.c.obj                 4      0         0      
    +--+------------------------------+------+---------+---------+
       Total:                         402    0         0      
                                                              
       Stack:                         0      0         512    
       Linker Generated:              0      28        0      
    +--+------------------------------+------+---------+---------+
       Grand Total:                   3186   648       536    


LINKER GENERATED COPY TABLES

__TI_cinit_table @ 00000ef4 records: 1, size/record: 8, table size: 8
	.data: load addr=00000ee0, load size=0000000c bytes, run addr=20000200, run size=00000018 bytes, compression=lzss


LINKER GENERATED HANDLER TABLE

__TI_handler_table @ 00000eec records: 2, size/record: 4, table size: 8
	index: 0, handler: __TI_decompress_lzss
	index: 1, handler: __TI_decompress_none


GLOBAL SYMBOLS: SORTED ALPHABETICALLY BY Name 

address   name                          
-------   ----                          
00000edb  C$$EXIT                       
00000ecb  ResetISR                      
20000200  __STACK_END                   
00000200  __STACK_SIZE                  
20000200  __STACK_TOP                   
00000ef4  __TI_CINIT_Base               
00000efc  __TI_CINIT_Limit              
00000eec  __TI_Handler_Table_Base       
00000ef4  __TI_Handler_Table_Limit      
00000e11  __TI_auto_init_nobinit_nopinit
00000da9  __TI_decompress_lzss          
00000ebd  __TI_decompress_none          
ffffffff  __TI_pprof_out_hndl           
ffffffff  __TI_prof_data_size           
ffffffff  __TI_prof_data_start          
00000000  __TI_static_base__            
00000d0d  __aeabi_memcpy                
00000d0d  __aeabi_memcpy4               
00000d0d  __aeabi_memcpy8               
ffffffff  __binit__                     
ffffffff  __c_args__                    
UNDEFED   __mpu_init                    
20000000  __stack                       
20000000  __start___llvm_prf_cnts       
20000000  __stop___llvm_prf_cnts        
00000e55  _c_int00_noargs               
UNDEFED   _system_post_cinit            
00000ed7  _system_pre_init              
00000edb  abort                         
ffffffff  binit                         
2000020c  bit_count                     
00000879  button_command_ISR            
000007fd  button_complete               
20000200  button_info                   
0000047f  char_to_integer               
00000433  compare_2words                
00000c59  esp32_signals                 
00000c01  esp32_signals_setup           
00000000  g_pfnVectors                  
000006af  getFieldInteger               
00000667  getFieldString                
00000363  getcUart0                     
00000377  getsUart0                     
00000c89  initHw                        
00000ead  initSystemClockTo40Mhz        
0000026d  initUart0                     
000004c1  int_to_ascii                  
000006f7  isCommand                     
000003e5  isita_character               
00000411  isita_number                  
00000733  kbhitUart0                    
00000cb5  main                          
00000d0d  memcpy                        
0000074d  number_to_uart                
00000559  parseFields                   
20000208  prev_time                     
0000031b  putcUart0                     
00000337  putsUart0                     
00000a2d  pwm_init                      
20000214  remote_command                
000002d7  setUart0BaudRate              
00000b69  setpwm                        
00000769  setup_remote_functions        
20000210  state                         
20000204  time                          
00000e89  waitMicrosecond               


GLOBAL SYMBOLS: SORTED BY Symbol Address 

address   name                          
-------   ----                          
00000000  __TI_static_base__            
00000000  g_pfnVectors                  
00000200  __STACK_SIZE                  
0000026d  initUart0                     
000002d7  setUart0BaudRate              
0000031b  putcUart0                     
00000337  putsUart0                     
00000363  getcUart0                     
00000377  getsUart0                     
000003e5  isita_character               
00000411  isita_number                  
00000433  compare_2words                
0000047f  char_to_integer               
000004c1  int_to_ascii                  
00000559  parseFields                   
00000667  getFieldString                
000006af  getFieldInteger               
000006f7  isCommand                     
00000733  kbhitUart0                    
0000074d  number_to_uart                
00000769  setup_remote_functions        
000007fd  button_complete               
00000879  button_command_ISR            
00000a2d  pwm_init                      
00000b69  setpwm                        
00000c01  esp32_signals_setup           
00000c59  esp32_signals                 
00000c89  initHw                        
00000cb5  main                          
00000d0d  __aeabi_memcpy                
00000d0d  __aeabi_memcpy4               
00000d0d  __aeabi_memcpy8               
00000d0d  memcpy                        
00000da9  __TI_decompress_lzss          
00000e11  __TI_auto_init_nobinit_nopinit
00000e55  _c_int00_noargs               
00000e89  waitMicrosecond               
00000ead  initSystemClockTo40Mhz        
00000ebd  __TI_decompress_none          
00000ecb  ResetISR                      
00000ed7  _system_pre_init              
00000edb  C$$EXIT                       
00000edb  abort                         
00000eec  __TI_Handler_Table_Base       
00000ef4  __TI_CINIT_Base               
00000ef4  __TI_Handler_Table_Limit      
00000efc  __TI_CINIT_Limit              
20000000  __stack                       
20000000  __start___llvm_prf_cnts       
20000000  __stop___llvm_prf_cnts        
20000200  __STACK_END                   
20000200  __STACK_TOP                   
20000200  button_info                   
20000204  time                          
20000208  prev_time                     
2000020c  bit_count                     
20000210  state                         
20000214  remote_command                
ffffffff  __TI_pprof_out_hndl           
ffffffff  __TI_prof_data_size           
ffffffff  __TI_prof_data_start          
ffffffff  __binit__                     
ffffffff  __c_args__                    
ffffffff  binit                         
UNDEFED   __mpu_init                    
UNDEFED   _system_post_cinit            

[66 symbols]
