******************************************************************************
                  TI ARM Linker Unix v20.2.7                   
******************************************************************************
>> Linked Sat Nov 30 15:51:40 2024

OUTPUT FILE NAME:   <ir_remote.out>
ENTRY POINT SYMBOL: "_c_int00_noargs"  address: 00001579


MEMORY CONFIGURATION

         name            origin    length      used     unused   attr    fill
----------------------  --------  ---------  --------  --------  ----  --------
  FLASH                 00000000   00040000  00001626  0003e9da  R  X
  SRAM                  20000000   00008000  00000227  00007dd9  RW X


SEGMENT ALLOCATION MAP

run origin  load origin   length   init length attrs members
----------  ----------- ---------- ----------- ----- -------
00000000    00000000    0000162c   0000162c    r-x
  00000000    00000000    0000026c   0000026c    r-- .intvecs
  0000026c    0000026c    00001396   00001396    r-x .text
  00001608    00001608    00000024   00000024    r-- .cinit
20000000    20000000    00000227   00000000    rw-
  20000000    20000000    00000200   00000000    rw- .stack
  20000200    20000200    00000027   00000000    rw- .data


SECTION ALLOCATION MAP

 output                                  attributes/
section   page    origin      length       input sections
--------  ----  ----------  ----------   ----------------
.intvecs   0    00000000    0000026c     
                  00000000    0000026c     tm4c123gh6pm_startup_ccs.obj (.intvecs)

.text      0    0000026c    00001396     
                  0000026c    00000558     my_wheel_ops.obj (.text)
                  000007c4    000004fc     uart0.obj (.text)
                  00000cc0    00000484     remote_control.obj (.text)
                  00001144    0000016c     timing.obj (.text)
                  000012b0    000000f8     main.obj (.text)
                  000013a8    0000009c     rtsv7M4_T_le_v4SPD16_eabi.lib : memcpy_t2.asm.obj (.text)
                  00001444    00000088     isr.obj (.text)
                  000014cc    00000068     rtsv7M4_T_le_v4SPD16_eabi.lib : copy_decompress_lzss.c.obj (.text:decompress:lzss:__TI_decompress_lzss)
                  00001534    00000044                                   : autoinit.c.obj (.text:__TI_auto_init_nobinit_nopinit:__TI_auto_init_nobinit_nopinit)
                  00001578    00000034                                   : boot_cortex_m.c.obj (.text:_c_int00_noargs:_c_int00_noargs)
                  000015ac    00000024     wait.obj (.text)
                  000015d0    00000010     clock.obj (.text)
                  000015e0    0000000e     rtsv7M4_T_le_v4SPD16_eabi.lib : copy_decompress_none.c.obj (.text:decompress:none:__TI_decompress_none)
                  000015ee    0000000c     tm4c123gh6pm_startup_ccs.obj (.text)
                  000015fa    00000004     rtsv7M4_T_le_v4SPD16_eabi.lib : pre_init.c.obj (.text:_system_pre_init)
                  000015fe    00000004                                   : exit.c.obj (.text:abort:abort)

.cinit     0    00001608    00000024     
                  00001608    00000013     (.cinit..data.load) [load image, compression = lzss]
                  0000161b    00000001     --HOLE-- [fill = 0]
                  0000161c    00000008     (__TI_handler_table)
                  00001624    00000008     (__TI_cinit_table)

.init_array 
*          0    00000000    00000000     UNINITIALIZED

.data      0    20000200    00000027     UNINITIALIZED
                  20000200    00000020     remote_control.obj (.data)
                  20000220    00000006     my_wheel_ops.obj (.data)
                  20000226    00000001     isr.obj (.data)

.stack     0    20000000    00000200     UNINITIALIZED
                  20000000    00000004     rtsv7M4_T_le_v4SPD16_eabi.lib : boot_cortex_m.c.obj (.stack)
                  20000004    000001fc     --HOLE--

__llvm_prf_cnts 
*          0    20000000    00000000     UNINITIALIZED

MODULE SUMMARY

       Module                         code   ro data   rw data
       ------                         ----   -------   -------
    ./
       my_wheel_ops.obj               1368   0         6      
       uart0.obj                      1276   0         0      
       remote_control.obj             1156   0         32     
       tm4c123gh6pm_startup_ccs.obj   12     620       0      
       timing.obj                     364    0         0      
       main.obj                       248    0         0      
       isr.obj                        136    0         1      
       wait.obj                       36     0         0      
       clock.obj                      16     0         0      
    +--+------------------------------+------+---------+---------+
       Total:                         4612   620       39     
                                                              
    /home/clutch13/ti/ccs1260/ccs/tools/compiler/ti-cgt-arm_20.2.7.LTS/lib/rtsv7M4_T_le_v4SPD16_eabi.lib
       memcpy_t2.asm.obj              156    0         0      
       copy_decompress_lzss.c.obj     104    0         0      
       autoinit.c.obj                 68     0         0      
       boot_cortex_m.c.obj            52     0         0      
       copy_decompress_none.c.obj     14     0         0      
       exit.c.obj                     4      0         0      
       pre_init.c.obj                 4      0         0      
    +--+------------------------------+------+---------+---------+
       Total:                         402    0         0      
                                                              
       Stack:                         0      0         512    
       Linker Generated:              0      35        0      
    +--+------------------------------+------+---------+---------+
       Grand Total:                   5014   655       551    


LINKER GENERATED COPY TABLES

__TI_cinit_table @ 00001624 records: 1, size/record: 8, table size: 8
	.data: load addr=00001608, load size=00000013 bytes, run addr=20000200, run size=00000027 bytes, compression=lzss


LINKER GENERATED HANDLER TABLE

__TI_handler_table @ 0000161c records: 2, size/record: 4, table size: 8
	index: 0, handler: __TI_decompress_lzss
	index: 1, handler: __TI_decompress_none


GLOBAL SYMBOLS: SORTED ALPHABETICALLY BY Name 

address   name                          
-------   ----                          
000015ff  C$$EXIT                       
000015ef  ResetISR                      
20000200  __STACK_END                   
00000200  __STACK_SIZE                  
20000200  __STACK_TOP                   
00001624  __TI_CINIT_Base               
0000162c  __TI_CINIT_Limit              
0000161c  __TI_Handler_Table_Base       
00001624  __TI_Handler_Table_Limit      
00001535  __TI_auto_init_nobinit_nopinit
000014cd  __TI_decompress_lzss          
000015e1  __TI_decompress_none          
ffffffff  __TI_pprof_out_hndl           
ffffffff  __TI_prof_data_size           
ffffffff  __TI_prof_data_start          
00000000  __TI_static_base__            
000013a9  __aeabi_memcpy                
000013a9  __aeabi_memcpy4               
000013a9  __aeabi_memcpy8               
ffffffff  __binit__                     
ffffffff  __c_args__                    
UNDEFED   __mpu_init                    
20000000  __stack                       
20000000  __start___llvm_prf_cnts       
20000000  __stop___llvm_prf_cnts        
00001579  _c_int00_noargs               
UNDEFED   _system_post_cinit            
000015fb  _system_pre_init              
000015ff  abort                         
ffffffff  binit                         
2000020c  bit_count                     
00000f75  button_command_ISR            
00000e3d  button_complete               
20000200  button_info                   
000009d7  char_to_integer               
0000098b  compare_2words                
00000d55  esp32_signals                 
000012b1  esp32_signals_setup           
20000224  fwd                           
00000000  g_pfnVectors                  
00000c07  getFieldInteger               
00000bbf  getFieldString                
000008bb  getcUart0                     
000008cf  getsUart0                     
00000675  goFullSpeedFwd                
00000701  goFullSpeedRvs                
00000559  goMediumFwd                   
000005e5  goMediumRvs                   
000004dd  goSlowFwd                     
00000461  goSlowRvs                     
000003b1  increaseForwardSpeed          
00000409  increaseReverseSpeed          
00001309  initHw                        
00001221  initSysTick                   
000015d1  initSystemClockTo40Mhz        
000007c5  initUart0                     
00000a19  int_to_ascii                  
00000c4f  isCommand                     
0000093d  isita_character               
00000969  isita_number                  
00000c8b  kbhitUart0                    
000002d5  leftMotorIncreaseSpeedFwd     
00000309  leftMotorIncreaseSpeedRvs     
2000021c  leftMotorSpeed                
20000221  leftfwd                       
20000223  leftrvs                       
0000033d  letsStop                      
00001349  main                          
000013a9  memcpy                        
00000ca5  number_to_uart                
00001483  oneSecISR                     
00001145  oneSecTimerSetup              
00001467  oneShotISR                    
00001475  oneShotISR2                   
0000118b  oneShotSetup                  
00000ab1  parseFields                   
20000208  prev_time                     
00000873  putcUart0                     
0000088f  putsUart0                     
20000214  remote_command                
0000026d  rightMotorIncreaseSpeedFwd    
000002a1  rightMotorIncreaseSpeedRvs    
20000218  rightMotorSpeed               
20000220  rightfwd                      
20000222  rightrvs                      
20000225  rvs                           
20000226  seconds                       
0000082f  setUart0BaudRate              
00000cc1  setup_remote_functions        
20000210  state                         
00001445  sysTickISR                    
20000204  time                          
000015ad  waitMicrosecond               


GLOBAL SYMBOLS: SORTED BY Symbol Address 

address   name                          
-------   ----                          
00000000  __TI_static_base__            
00000000  g_pfnVectors                  
00000200  __STACK_SIZE                  
0000026d  rightMotorIncreaseSpeedFwd    
000002a1  rightMotorIncreaseSpeedRvs    
000002d5  leftMotorIncreaseSpeedFwd     
00000309  leftMotorIncreaseSpeedRvs     
0000033d  letsStop                      
000003b1  increaseForwardSpeed          
00000409  increaseReverseSpeed          
00000461  goSlowRvs                     
000004dd  goSlowFwd                     
00000559  goMediumFwd                   
000005e5  goMediumRvs                   
00000675  goFullSpeedFwd                
00000701  goFullSpeedRvs                
000007c5  initUart0                     
0000082f  setUart0BaudRate              
00000873  putcUart0                     
0000088f  putsUart0                     
000008bb  getcUart0                     
000008cf  getsUart0                     
0000093d  isita_character               
00000969  isita_number                  
0000098b  compare_2words                
000009d7  char_to_integer               
00000a19  int_to_ascii                  
00000ab1  parseFields                   
00000bbf  getFieldString                
00000c07  getFieldInteger               
00000c4f  isCommand                     
00000c8b  kbhitUart0                    
00000ca5  number_to_uart                
00000cc1  setup_remote_functions        
00000d55  esp32_signals                 
00000e3d  button_complete               
00000f75  button_command_ISR            
00001145  oneSecTimerSetup              
0000118b  oneShotSetup                  
00001221  initSysTick                   
000012b1  esp32_signals_setup           
00001309  initHw                        
00001349  main                          
000013a9  __aeabi_memcpy                
000013a9  __aeabi_memcpy4               
000013a9  __aeabi_memcpy8               
000013a9  memcpy                        
00001445  sysTickISR                    
00001467  oneShotISR                    
00001475  oneShotISR2                   
00001483  oneSecISR                     
000014cd  __TI_decompress_lzss          
00001535  __TI_auto_init_nobinit_nopinit
00001579  _c_int00_noargs               
000015ad  waitMicrosecond               
000015d1  initSystemClockTo40Mhz        
000015e1  __TI_decompress_none          
000015ef  ResetISR                      
000015fb  _system_pre_init              
000015ff  C$$EXIT                       
000015ff  abort                         
0000161c  __TI_Handler_Table_Base       
00001624  __TI_CINIT_Base               
00001624  __TI_Handler_Table_Limit      
0000162c  __TI_CINIT_Limit              
20000000  __stack                       
20000000  __start___llvm_prf_cnts       
20000000  __stop___llvm_prf_cnts        
20000200  __STACK_END                   
20000200  __STACK_TOP                   
20000200  button_info                   
20000204  time                          
20000208  prev_time                     
2000020c  bit_count                     
20000210  state                         
20000214  remote_command                
20000218  rightMotorSpeed               
2000021c  leftMotorSpeed                
20000220  rightfwd                      
20000221  leftfwd                       
20000222  rightrvs                      
20000223  leftrvs                       
20000224  fwd                           
20000225  rvs                           
20000226  seconds                       
ffffffff  __TI_pprof_out_hndl           
ffffffff  __TI_prof_data_size           
ffffffff  __TI_prof_data_start          
ffffffff  __binit__                     
ffffffff  __c_args__                    
ffffffff  binit                         
UNDEFED   __mpu_init                    
UNDEFED   _system_post_cinit            

[93 symbols]
